FOUND R08_9C07 31:31:45:37:9C:07
ADVERTISEMENT connectable=None rssi=-80 services=[] type=<BluetoothLEAdvertisementType.CONNECTABLE_UNDIRECTED: 0> address_type=<BluetoothAddressType.PUBLIC: 0> details=RawAdvData(adv=<winrt._winrt_windows_devices_bluetooth_advertisement.BluetoothLEAdvertisementReceivedEventArgs object at 0x000001598C5CABB0>, scan=None)
CONNECTED address_type=auto
SENSOR_STARTED LED 可能闪烁；不会发送 DFU
RX A1 01 00 7B 00 BA 00 7C 00 3E 01 00 00 00 00 92
RX A1 02 08 50 2A 6B 28 EA 01 81 00 00 00 00 00 24
RX A1 03 F6 4C FD E8 E2 C8 00 00 00 00 00 00 00 75
SAMPLE t=0.03s X=-472 Y=-148 Z=-40
RX A1 04 00 00 00 00 00 00 00 00 00 00 00 00 00 A5
RX A1 05 00 00 00 00 00 00 00 00 00 00 00 00 00 A6
RX A1 01 00 C2 00 BA 00 7C 00 3E 01 00 00 00 00 D9
RX A1 02 29 92 2A 6B 28 EA 01 81 00 00 00 00 00 87
RX A1 03 F8 10 FE F4 E0 78 00 00 00 00 00 00 00 F6
SAMPLE t=1.03s X=-504 Y=-128 Z=-28
RX A1 04 00 00 00 00 00 00 00 00 00 00 00 00 00 A5
RX A1 05 01 33 00 00 00 00 00 00 01 00 00 00 00 DB
RX A1 01 00 B0 00 BA 00 7C 00 3E 01 00 00 00 00 C7
RX A1 02 29 8A 2A 6B 28 EA 01 81 00 00 00 00 00 7F
RX A1 03 EF 04 F2 28 E8 94 00 00 00 00 00 00 00 2D
SAMPLE t=2.06s X=-380 Y=-268 Z=-216
RX A1 04 00 00 00 00 00 00 00 00 00 00 00 00 00 A5
RX A1 05 01 34 00 00 00 00 00 00 01 00 00 00 00 DC
RX A1 01 00 AE 00 BA 00 7C 00 3E 01 00 00 00 00 C5
RX A1 02 29 8B 2A 6B 28 EA 01 81 00 00 00 00 00 80
RX A1 03 F0 BC FA BC E4 70 00 00 00 00 00 00 00 5A
SAMPLE t=3.06s X=-448 Y=-244 Z=-84
RX A1 04 00 00 00 00 00 00 00 00 00 00 00 00 00 A5
RX A1 05 01 34 00 00 00 00 00 00 01 00 00 00 00 DC
RX A1 01 00 BD 00 BA 00 7C 00 3E 01 00 00 00 00 D4
RX A1 02 29 6B 2A 6B 28 EA 01 81 00 00 00 00 00 60
RX A1 03 F2 E8 E5 54 F3 94 00 00 00 00 00 00 00 3E
SAMPLE t=4.05s X=-204 Y=-216 Z=-428
RX A1 04 00 00 00 00 00 00 00 00 00 00 00 00 00 A5
RX A1 05 01 34 00 00 00 00 00 00 01 00 00 00 00 DC
RX A1 01 00 BC 00 BA 00 7C 00 3E 01 00 00 00 00 D3
RX A1 02 29 63 2A 6B 28 EA 01 81 00 00 00 00 00 58
RX A1 03 F8 54 E6 44 10 F8 00 00 00 00 00 00 00 22
SAMPLE t=5.12s X=264 Y=-124 Z=-412
RX A1 04 00 00 00 00 00 00 00 00 00 00 00 00 00 A5
RX A1 05 01 35 00 00 00 00 00 00 01 00 00 00 00 DD
RX A1 01 00 D0 00 BA 00 7C 00 3E 01 00 00 00 00 E7
RX A1 02 29 85 2A 6B 28 EA 01 81 00 00 00 00 00 7A
RX A1 03 FB 88 F4 38 1E 4C 00 00 00 00 00 00 00 BD
SAMPLE t=6.92s X=492 Y=-72 Z=-184
RX A1 04 00 00 00 00 00 00 00 00 00 00 00 00 00 A5
RX A1 05 01 35 00 00 00 00 00 00 01 00 00 00 00 DD
RX A1 01 00 D4 00 BA 00 7C 00 3E 01 00 00 00 00 EB
RX A1 02 29 7A 2A 6B 28 EA 01 81 00 00 00 00 00 6F
RX A1 03 F3 30 FB FC 1D 94 00 00 00 00 00 00 00 6F
SAMPLE t=7.11s X=468 Y=-208 Z=-68
RX A1 04 00 00 00 00 00 00 00 00 00 00 00 00 00 A5
RX A1 05 01 35 00 00 00 00 00 00 01 00 00 00 00 DD
RX A1 01 00 D3 00 BA 00 7C 00 3E 01 00 00 00 00 EA
RX A1 02 29 A0 2A 6B 28 EA 01 81 00 00 00 00 00 95
RX A1 03 F6 9C 14 98 16 A0 00 00 00 00 00 00 00 98
SAMPLE t=8.09s X=352 Y=-148 Z=328
RX A1 04 00 00 00 00 00 00 00 00 00 00 00 00 00 A5
RX A1 05 01 35 00 00 00 00 00 00 01 00 00 00 00 DD
RX A1 01 00 C6 00 BA 00 7C 00 3E 01 00 00 00 00 DD
RX A1 02 29 8E 2A 6B 28 EA 01 81 00 00 00 00 00 83
RX A1 03 F6 9C 14 98 16 A0 00 00 00 00 00 00 00 98
SAMPLE t=9.05s X=352 Y=-148 Z=328
RX A1 04 00 00 00 00 00 00 00 00 00 00 00 00 00 A5
RX A1 05 01 35 00 00 00 00 00 00 01 00 00 00 00 DD
RX A1 01 00 C4 00 BA 00 7C 00 3E 01 00 00 00 00 DB
RX A1 02 29 90 2A 6B 28 EA 01 81 00 00 00 00 00 85
RX A1 03 F4 B8 1E F0 04 84 00 00 00 00 00 00 00 E6
SAMPLE t=10.03s X=68 Y=-184 Z=480
RX A1 04 00 00 00 00 00 00 00 00 00 00 00 00 00 A5
RX A1 05 01 35 00 00 00 00 00 00 01 00 00 00 00 DD
RX 02 02 00 00 00 00 00 00 00 00 00 00 00 00 00 04
RX A1 01 00 C6 00 BA 00 7C 00 3E 01 00 00 00 00 DD
RX A1 02 29 92 2A 6B 28 EA 01 81 00 00 00 00 00 87
RX A1 03 F8 14 0F 70 E5 A0 00 00 00 00 00 00 00 B4
SAMPLE t=11.02s X=-432 Y=-124 Z=240
RX A1 04 00 00 00 00 00 00 00 00 00 00 00 00 00 A5
RX A1 05 01 36 00 00 00 00 00 00 01 00 00 00 00 DE
RX A1 01 00 C3 00 BA 00 7C 00 3E 01 00 00 00 00 DA
RX A1 02 29 90 2A 6B 28 EA 01 81 00 00 00 00 00 85
RX A1 03 F8 68 0B CC E3 6C 00 00 00 00 00 00 00 2A
SAMPLE t=12.14s X=-452 Y=-120 Z=188
RX A1 04 00 00 00 00 00 00 00 00 00 00 00 00 00 A5
RX A1 05 01 36 00 00 00 00 00 00 01 00 00 00 00 DE
RX A1 01 00 BE 00 BA 00 7C 00 3E 01 00 00 00 00 D5
RX A1 02 29 8F 2A 6B 28 EA 01 81 00 00 00 00 00 84
RX A1 03 F8 E0 F7 80 E1 58 00 00 00 00 00 00 00 2C
SAMPLE t=13.09s X=-488 Y=-128 Z=-144
RX A1 04 00 00 00 00 00 00 00 00 00 00 00 00 00 A5
RX A1 05 01 37 00 00 00 00 00 00 01 00 00 00 00 DF
RX A1 01 00 B7 00 BA 00 7C 00 3E 01 00 00 00 00 CE
RX A1 02 29 94 2A 6B 28 EA 01 81 00 00 00 00 00 89
RX A1 03 F7 B4 04 A8 E1 3C 00 00 00 00 00 00 00 18
SAMPLE t=14.03s X=-484 Y=-140 Z=72
RX A1 04 00 00 00 00 00 00 00 00 00 00 00 00 00 A5
RX A1 05 01 37 00 00 00 00 00 00 01 00 00 00 00 DF
RX A1 01 00 C1 00 BA 00 7C 00 3E 01 00 00 00 00 D8
RX A1 02 29 87 2A 6B 28 EA 01 81 00 00 00 00 00 7C
RX A1 03 F8 18 17 18 EB 0C 00 00 00 00 00 00 00 DA
SAMPLE t=15.12s X=-324 Y=-120 Z=376
RX A1 04 00 00 00 00 00 00 00 00 00 00 00 00 00 A5
RX A1 05 01 37 00 00 00 00 00 00 01 00 00 00 00 DF
RX A1 01 00 CE 00 BA 00 7C 00 3E 01 00 00 00 00 E5
RX A1 02 29 8F 2A 6B 28 EA 01 81 00 00 00 00 00 84
RX A1 03 F7 E4 18 F0 EC A0 00 00 00 00 00 00 00 13
SAMPLE t=16.02s X=-320 Y=-140 Z=384
RX A1 04 00 00 00 00 00 00 00 00 00 00 00 00 00 A5
RX A1 05 01 37 00 00 00 00 00 00 01 00 00 00 00 DF
RX A1 01 00 CA 00 BA 00 7C 00 3E 01 00 00 00 00 E1
RX A1 02 29 8E 2A 6B 28 EA 01 81 00 00 00 00 00 83
RX A1 03 F7 E4 18 F0 EC A0 00 00 00 00 00 00 00 13
SAMPLE t=17.05s X=-320 Y=-140 Z=384
RX A1 04 00 00 00 00 00 00 00 00 00 00 00 00 00 A5
RX A1 05 01 37 00 00 00 00 00 00 01 00 00 00 00 DF
RX A1 01 00 B9 00 BA 00 7C 00 3E 01 00 00 00 00 D0
RX A1 02 29 8E 2A 6B 28 EA 01 81 00 00 00 00 00 83
RX A1 03 F7 E4 18 F0 EC A0 00 00 00 00 00 00 00 13
SAMPLE t=18.05s X=-320 Y=-140 Z=384
RX A1 04 00 00 00 00 00 00 00 00 00 00 00 00 00 A5
RX A1 05 01 37 00 00 00 00 00 00 01 00 00 00 00 DF
RX A1 01 00 B8 00 BA 00 7C 00 3E 01 00 00 00 00 CF
RX A1 02 29 95 2A 6B 28 EA 01 81 00 00 00 00 00 8A
RX A1 03 F7 E4 18 F0 EC A0 00 00 00 00 00 00 00 13
SAMPLE t=19.22s X=-320 Y=-140 Z=384
RX A1 04 00 00 00 00 00 00 00 00 00 00 00 00 00 A5
RX A1 05 01 37 00 00 00 00 00 00 01 00 00 00 00 DF
RX A1 01 00 B4 00 BA 00 7C 00 3E 01 00 00 00 00 CB
RX A1 02 29 93 2A 6B 28 EA 01 81 00 00 00 00 00 88
RX A1 03 F7 A4 F8 38 1D D8 00 00 00 00 00 00 00 64
SAMPLE t=20.16s X=472 Y=-140 Z=-120
RX A1 04 00 00 00 00 00 00 00 00 00 00 00 00 00 A5
RX A1 05 01 37 00 00 00 00 00 00 01 00 00 00 00 DF
SENSOR_STOP_REQUESTED 已发送 A1 02
RX 02 02 00 00 00 00 00 00 00 00 00 00 00 00 00 04
SENSOR_SUMMARY {"file": "captures\\rotate-20260826-admin.csv", "sample_count": 21, "span_seconds": 20.125, "effective_hz": 0.9937888198757764, "interval_ms": {"mean": 1006.25, "min": 187.0, "p95": 1203.2500000000005, "max": 1797.0}, "axes": {"x": {"min": -504, "max": 492, "range": 996, "mean": -142.85714285714286, "stddev": 366.375592568517}, "y": {"min": -268, "max": -72, "range": 196, "mean": -153.33333333333334, "stddev": 44.83762592302026}, "z": {"min": -428, "max": 480, "range": 908, "mean": 86.85714285714286, "stddev": 275.9493200043884}}, "sampling_rate_assessment": "采样率过低，不适合连续转动跟随"}
